../Core/Src/quadspi.c:30:6:MX_QUADSPI_Init	8	static
../Core/Src/quadspi.c:59:6:HAL_QSPI_MspInit	56	static
../Core/Src/quadspi.c:116:6:HAL_QSPI_MspDeInit	16	static
../Core/Src/quadspi.c:149:6:QSPI_QUAD_EN	80	static
../Core/Src/quadspi.c:168:6:QSPI_WRITE_DATA	88	static
../Core/Src/quadspi.c:181:6:QSPI_READ_DATA	96	static
../Core/Src/quadspi.c:202:6:QSPI_WRITE_VCR	24	static
../Core/Src/quadspi.c:213:6:QSPI_WRITE	24	static
../Core/Src/quadspi.c:224:6:QSPI_READ	24	static
../Core/Src/quadspi.c:235:6:QSPI_WRITE_EN	16	static
../Core/Src/quadspi.c:243:6:QSPI_WRITE_DIS	16	static
../Core/Src/quadspi.c:251:6:QSPI_ERASE_SUB4K	24	static
